2026/08/14 16:34:32 STA-100 web service listening on 127.0.0.1:18080
2026/08/14 16:34:32 OpenClaw CLI: /home/User/gsx/gitdir/std/openclaw/bin/openclaw
2026/08/14 16:34:32 STA-100 database: /home/User/.local/share/sta100/sta100.db
2026/08/14 16:39:10 STA-100 web service listening on 127.0.0.1:18080
2026/08/14 16:39:10 OpenClaw CLI: /home/User/gsx/gitdir/std/openclaw/bin/openclaw
2026/08/14 16:39:10 STA-100 database: /home/User/.local/share/sta100/sta100.db
2026/08/14 16:39:22 GET /api/health 0s
2026/08/14 16:40:58 GET / 14ms
2026/08/14 16:40:58 GET /assets/styles.css 1ms
2026/08/14 16:40:58 GET /assets/cycling-agent-icon.jpg 1ms
2026/08/14 16:40:58 GET /assets/lucide.min.js 1ms
2026/08/14 16:40:58 GET /assets/app.js 2ms
2026/08/14 16:40:58 GET /assets/red_logo.png 1ms
2026/08/14 16:40:58 GET /api/v1/auth/status 0s
2026/08/14 16:40:59 GET /assets/cycling-agent-icon.jpg 1ms
2026/08/14 16:41:02 POST /api/v1/auth/login 127ms
2026/08/14 16:41:03 GET /api/v1/agent-token-usage 4ms
2026/08/14 16:41:03 GET /api/v1/bootstrap 20ms
2026/08/14 16:41:11 GET /api/v1/settings/model 5ms
2026/08/14 16:41:12 GET /assets/news-bike.jpg 2ms
2026/08/14 16:41:17 GET /api/v1/openclaw/agents 8ms
2026/08/14 16:41:27 POST /api/v1/assistant/attachments 4ms
2026/08/14 16:44:43 POST /api/v1/assistant/query 2m52.852s
2026/08/14 16:52:34 STA-100 web service listening on 127.0.0.1:18080
2026/08/14 16:52:34 OpenClaw CLI: /home/User/gsx/gitdir/std/openclaw/bin/openclaw
2026/08/14 16:52:34 STA-100 database: /home/User/.local/share/sta100/sta100.db
2026/08/14 16:52:46 GET /api/health 0s
2026/08/14 16:53:06 POST /api/v1/auth/login 102ms
2026/08/14 16:55:31 POST /api/v1/assistant/query 2m24.387s
2026/08/14 16:59:46 STA-100 web service listening on 127.0.0.1:18080
2026/08/14 16:59:46 OpenClaw CLI: /home/User/gsx/gitdir/std/openclaw/bin/openclaw
2026/08/14 16:59:46 STA-100 database: /home/User/.local/share/sta100/sta100.db
2026/08/14 16:59:47 GET /api/health 0s
2026/08/14 17:11:42 GET / 18ms
2026/08/14 17:11:42 GET /assets/styles.css 1ms
2026/08/14 17:11:42 GET /assets/cycling-agent-icon.jpg 3ms
2026/08/14 17:11:42 GET /assets/lucide.min.js 3ms
2026/08/14 17:11:42 GET /assets/red_logo.png 0s
2026/08/14 17:11:42 GET /assets/app.js 2ms
2026/08/14 17:11:43 GET /api/v1/auth/status 0s
2026/08/14 17:11:43 GET /assets/cycling-agent-icon.jpg 1ms
2026/08/14 17:11:47 POST /api/v1/auth/login 120ms
2026/08/14 17:11:47 GET /api/v1/openclaw/agents 6ms
2026/08/14 17:11:47 GET /api/v1/agent-token-usage 7ms
2026/08/14 17:11:47 GET /api/v1/bootstrap 27ms
2026/08/14 17:12:07 GET /api/v1/settings/model 8ms
2026/08/14 17:29:45 STA-100 web service listening on 127.0.0.1:18080
2026/08/14 17:29:45 OpenClaw CLI: /home/User/gsx/gitdir/std/openclaw/bin/openclaw
2026/08/14 17:29:45 STA-100 database: /home/User/.local/share/sta100/sta100.db
2026/08/14 17:38:02 GET / 15ms
2026/08/14 17:38:02 GET /assets/styles.css 1ms
2026/08/14 17:38:02 GET /assets/cycling-agent-icon.jpg 2ms
2026/08/14 17:38:02 GET /assets/lucide.min.js 1ms
2026/08/14 17:38:02 GET /assets/red_logo.png 1ms
2026/08/14 17:38:02 GET /assets/app.js 2ms
2026/08/14 17:38:02 GET /api/v1/auth/status 0s
2026/08/14 17:38:02 GET /assets/cycling-agent-icon.jpg 1ms
2026/08/14 17:38:06 POST /api/v1/auth/login 108ms
2026/08/14 17:38:06 GET /api/v1/settings/model 8ms
2026/08/14 17:38:06 GET /api/v1/agent-token-usage 4ms
2026/08/14 17:38:06 GET /api/v1/bootstrap 20ms
2026/08/14 17:38:30 GET /api/v1/openclaw/agents 4ms
2026/08/14 17:38:48 POST /api/v1/assistant/attachments 9ms
2026/08/14 17:42:04 POST /api/v1/assistant/query 2m38.22s
2026/08/14 17:44:14 GET /api/v1/accounts/ACC-0002/communications 5ms
2026/08/14 17:56:51 GET /assets/news-bike.jpg 20ms
2026/08/14 18:05:18 STA-100 web service listening on 127.0.0.1:18080
2026/08/14 18:05:18 OpenClaw CLI: /home/User/gsx/gitdir/std/openclaw/bin/openclaw
2026/08/14 18:05:18 STA-100 database: /home/User/.local/share/sta100/sta100.db
2026/08/14 18:06:34 STA-100 web service listening on 127.0.0.1:18080
2026/08/14 18:06:34 OpenClaw CLI: /home/User/gsx/gitdir/std/openclaw/bin/openclaw
2026/08/14 18:06:34 STA-100 database: /home/User/.local/share/sta100/sta100.db
2026/08/14 18:06:35 GET /api/health 0s
2026/08/14 18:07:01 POST /api/v1/auth/login 106ms
2026/08/14 18:07:08 GET /api/v1/settings/model 4ms
2026/08/14 18:07:29 POST /api/v1/assistant/query 0s
2026/08/14 18:07:56 POST /api/v1/assistant/query 2ms
2026/08/14 18:08:07 POST /api/v1/settings/model/test 410ms
2026/08/14 18:10:19 STA-100 web service listening on 127.0.0.1:18080
2026/08/14 18:10:19 OpenClaw CLI: /home/User/gsx/gitdir/std/openclaw/bin/openclaw
2026/08/14 18:10:19 STA-100 database: /home/User/.local/share/sta100/sta100.db
2026/08/14 18:10:28 POST /api/v1/auth/login 98ms
2026/08/14 18:10:46 POST /api/v1/settings/model/test 6.248s
2026/08/14 18:16:11 POST /api/v1/assistant/query 3m32.872s
2026/08/14 18:18:59 GET / 14ms
2026/08/14 18:18:59 GET /assets/styles.css 1ms
2026/08/14 18:18:59 GET /assets/cycling-agent-icon.jpg 6ms
2026/08/14 18:18:59 GET /assets/lucide.min.js 5ms
2026/08/14 18:18:59 GET /assets/red_logo.png 1ms
2026/08/14 18:18:59 GET /assets/app.js 5ms
2026/08/14 18:18:59 GET /api/v1/auth/status 0s
2026/08/14 18:18:59 GET /assets/cycling-agent-icon.jpg 1ms
2026/08/14 18:18:59 GET /assets/cycling-agent-icon.jpg 1ms
2026/08/14 18:19:38 POST /api/v1/auth/login 123ms
2026/08/14 18:19:42 GET /api/v1/settings/model 4ms
2026/08/14 18:19:45 GET /api/v1/openclaw/agents 4ms
2026/08/14 18:20:00 PATCH /api/v1/settings/preferences 7ms
2026/08/14 18:20:04 POST /api/v1/assistant/attachments 3ms
2026/08/14 18:24:06 POST /api/v1/assistant/query 3m44.306s
2026/08/14 20:52:08 STA-100 web service listening on 127.0.0.1:18080
2026/08/14 20:52:08 OpenClaw CLI: /home/User/gsx/gitdir/std/openclaw/bin/openclaw
2026/08/14 20:52:08 STA-100 database: /home/User/.local/share/sta100/sta100.db
2026/08/14 20:52:34 GET / 17ms
2026/08/14 20:52:34 GET /assets/styles.css 2ms
2026/08/14 20:52:34 GET /assets/cycling-agent-icon.jpg 4ms
2026/08/14 20:52:34 GET /assets/lucide.min.js 12ms
2026/08/14 20:52:34 GET /assets/app.js 1ms
2026/08/14 20:52:34 GET /assets/red_logo.png 1ms
2026/08/14 20:52:34 GET /api/v1/auth/status 0s
2026/08/14 20:52:34 GET /assets/cycling-agent-icon.jpg 1ms
2026/08/14 20:52:51 POST /api/v1/auth/login 124ms
2026/08/14 20:52:51 GET /api/v1/openclaw/agents 4ms
2026/08/14 20:52:51 GET /api/v1/settings/model 6ms
2026/08/14 20:52:52 GET /api/v1/agent-token-usage 4ms
2026/08/14 20:52:52 GET /api/v1/bootstrap 18ms
2026/08/14 21:18:16 POST /api/v1/assistant/query 3m18.544s
2026/08/14 21:31:14 STA-100 web service listening on 127.0.0.1:18080
2026/08/14 21:31:14 OpenClaw CLI: /home/User/gsx/gitdir/std/openclaw/bin/openclaw
2026/08/14 21:31:14 STA-100 database: /home/User/.local/share/sta100/sta100.db
2026/08/14 21:31:33 GET /api/v1/auth/status 0s
2026/08/14 21:31:33 POST /api/v1/auth/login 89ms
2026/08/14 21:31:44 GET /api/v1/assistant/history 11.185s
2026/08/14 21:33:14 STA-100 web service listening on 127.0.0.1:18080
2026/08/14 21:33:14 OpenClaw CLI: /home/User/gsx/gitdir/std/openclaw/bin/openclaw
2026/08/14 21:33:14 STA-100 database: /home/User/.local/share/sta100/sta100.db
2026/08/14 21:33:34 GET /api/v1/auth/status 0s
2026/08/14 21:33:35 POST /api/v1/auth/login 102ms
2026/08/14 21:33:35 GET /api/v1/assistant/history 5ms
2026/08/14 21:35:08 STA-100 web service listening on 127.0.0.1:18080
2026/08/14 21:35:08 OpenClaw CLI: /home/User/gsx/gitdir/std/openclaw/bin/openclaw
2026/08/14 21:35:08 STA-100 database: /home/User/.local/share/sta100/sta100.db
2026/08/14 21:35:25 GET /api/v1/auth/status 0s
2026/08/14 21:35:25 POST /api/v1/auth/login 122ms
2026/08/14 21:35:25 GET /api/v1/assistant/history 33ms
2026/08/14 21:38:18 GET / 9ms
2026/08/14 21:38:18 GET /assets/styles.css 1ms
2026/08/14 21:38:18 GET /assets/cycling-agent-icon.jpg 1ms
2026/08/14 21:38:18 GET /assets/lucide.min.js 1ms
2026/08/14 21:38:18 GET /assets/app.js 1ms
2026/08/14 21:38:18 GET /assets/red_logo.png 0s
2026/08/14 21:38:18 GET /api/v1/auth/status 0s
2026/08/14 21:38:19 GET /assets/cycling-agent-icon.jpg 1ms
2026/08/14 21:38:19 POST /api/v1/auth/login 111ms
2026/08/14 21:38:19 GET /api/v1/agent-token-usage 7ms
2026/08/14 21:38:19 GET /api/v1/bootstrap 25ms
2026/08/14 21:38:20 GET /api/v1/openclaw/agents 3ms
2026/08/14 21:38:20 GET /api/v1/settings/model 4ms
2026/08/14 21:38:22 GET /assets/news-bike.jpg 1ms
2026/08/14 21:38:23 GET /api/v1/openclaw/channels 1ms
2026/08/14 21:38:37 GET /api/v1/openclaw/status 12.639s
2026/08/14 21:38:37 GET /api/v1/system/health 12.783s
2026/08/14 21:38:49 GET /api/v1/assistant/history 42ms
2026/08/14 21:40:46 GET /api/health 2ms
2026/08/14 21:40:49 POST /api/v1/assistant/query 37.067s
2026/08/14 21:41:07 POST /api/v1/assistant/query 2m18.138s
2026/08/14 21:42:08 GET / 1ms
2026/08/14 21:42:08 GET /assets/styles.css 1ms
2026/08/14 21:42:08 GET /assets/cycling-agent-icon.jpg 1ms
2026/08/14 21:42:08 GET /assets/lucide.min.js 2ms
2026/08/14 21:42:08 GET /assets/app.js 2ms
2026/08/14 21:42:08 GET /assets/red_logo.png 1ms
2026/08/14 21:42:08 GET /api/v1/auth/status 0s
2026/08/14 21:42:08 GET /assets/cycling-agent-icon.jpg 1ms
2026/08/14 21:42:11 GET / 0s
2026/08/14 21:42:11 GET /assets/styles.css 1ms
2026/08/14 21:42:11 GET /assets/cycling-agent-icon.jpg 1ms
2026/08/14 21:42:11 GET /assets/lucide.min.js 1ms
2026/08/14 21:42:11 GET /assets/red_logo.png 0s
2026/08/14 21:42:11 GET /assets/app.js 1ms
2026/08/14 21:42:11 GET /api/v1/auth/status 0s
2026/08/14 21:42:11 GET /assets/cycling-agent-icon.jpg 1ms
2026/08/14 21:42:12 GET / 0s
2026/08/14 21:42:12 GET /assets/styles.css 0s
2026/08/14 21:42:12 GET /assets/cycling-agent-icon.jpg 1ms
2026/08/14 21:42:12 GET /assets/lucide.min.js 1ms
2026/08/14 21:42:12 GET /assets/red_logo.png 0s
2026/08/14 21:42:12 GET /assets/app.js 1ms
2026/08/14 21:42:12 GET /api/v1/auth/status 0s
2026/08/14 21:42:12 GET /assets/cycling-agent-icon.jpg 1ms
2026/08/14 21:42:12 GET / 0s
2026/08/14 21:42:12 GET /assets/styles.css 0s
2026/08/14 21:42:12 GET /assets/cycling-agent-icon.jpg 1ms
2026/08/14 21:42:12 GET /assets/lucide.min.js 1ms
2026/08/14 21:42:12 GET /assets/app.js 1ms
2026/08/14 21:42:12 GET /assets/red_logo.png 0s
2026/08/14 21:42:12 GET /api/v1/auth/status 0s
2026/08/14 21:42:12 GET /assets/cycling-agent-icon.jpg 1ms
2026/08/14 21:42:48 POST /api/v1/auth/login 119ms
2026/08/14 21:42:48 GET /api/v1/openclaw/agents 2ms
2026/08/14 21:42:48 GET /api/v1/settings/model 4ms
2026/08/14 21:42:48 GET /api/v1/agent-token-usage 7ms
2026/08/14 21:42:48 GET /api/v1/bootstrap 17ms
2026/08/14 21:43:07 GET /api/v1/assistant/history 30ms
2026/08/14 21:46:17 POST /api/v1/assistant/query 2m20.427s
2026/08/14 21:47:53 GET /api/v1/assistant/history 11ms
2026/08/14 21:48:51 POST /api/v1/settings/model/test 6ms
2026/08/14 21:48:51 GET /api/v1/settings/model 3ms
2026/08/14 21:49:00 PATCH /api/v1/settings/model 26ms
2026/08/14 21:49:07 PATCH /api/v1/settings/model 7ms
2026/08/14 21:49:16 PATCH /api/v1/settings/model 13ms
2026/08/14 21:49:21 PATCH /api/v1/settings/model 7ms
2026/08/14 21:49:33 PATCH /api/v1/settings/model 20ms
2026/08/14 21:49:37 PATCH /api/v1/settings/model 8ms
2026/08/14 21:49:43 PATCH /api/v1/settings/model 7ms
2026/08/14 21:50:08 STA-100 web service listening on 127.0.0.1:18080
2026/08/14 21:50:08 OpenClaw CLI: /home/User/gsx/gitdir/std/openclaw/bin/openclaw
2026/08/14 21:50:08 STA-100 database: /home/User/.local/share/sta100/sta100.db
2026/08/14 21:51:29 GET / 13ms
2026/08/14 21:51:29 GET /assets/styles.css 1ms
2026/08/14 21:51:29 GET /assets/cycling-agent-icon.jpg 1ms
2026/08/14 21:51:29 GET /assets/lucide.min.js 1ms
2026/08/14 21:51:29 GET /assets/app.js 1ms
2026/08/14 21:51:29 GET /assets/red_logo.png 1ms
2026/08/14 21:51:29 GET /api/v1/auth/status 0s
2026/08/14 21:51:29 GET /assets/cycling-agent-icon.jpg 1ms
2026/08/14 21:51:30 POST /api/v1/auth/login 101ms
2026/08/14 21:51:30 GET /api/v1/agent-token-usage 5ms
2026/08/14 21:51:30 GET /api/v1/bootstrap 25ms
2026/08/14 21:51:30 GET /api/v1/openclaw/agents 8ms
2026/08/14 21:51:30 GET /api/v1/settings/model 13ms
2026/08/14 21:51:31 GET /api/v1/assistant/history 34ms
2026/08/14 21:51:35 GET /assets/news-bike.jpg 1ms
2026/08/14 21:51:36 GET /api/v1/openclaw/channels 1ms
2026/08/14 21:51:53 GET /api/v1/openclaw/status 15.6s
2026/08/14 21:51:54 GET /api/v1/system/health 15.743s
2026/08/14 21:52:21 POST /api/v1/assistant/query 50.189s
2026/08/14 21:53:12 GET /api/v1/openclaw/channels 0s
2026/08/14 21:53:24 STA-100 web service listening on 127.0.0.1:18080
2026/08/14 21:53:24 OpenClaw CLI: /home/User/gsx/gitdir/std/openclaw/bin/openclaw
2026/08/14 21:53:24 STA-100 database: /home/User/.local/share/sta100/sta100.db
2026/08/14 21:53:28 GET /api/v1/openclaw/channels 0s
2026/08/14 21:54:53 GET / 11ms
2026/08/14 21:54:53 GET /assets/styles.css 1ms
2026/08/14 21:54:53 GET /assets/cycling-agent-icon.jpg 1ms
2026/08/14 21:54:53 GET /assets/lucide.min.js 1ms
2026/08/14 21:54:53 GET /assets/red_logo.png 0s
2026/08/14 21:54:53 GET /assets/app.js 1ms
2026/08/14 21:54:53 GET /api/v1/auth/status 0s
2026/08/14 21:54:53 GET /assets/cycling-agent-icon.jpg 1ms
2026/08/14 21:54:59 GET / 0s
2026/08/14 21:54:59 GET /assets/styles.css 1ms
2026/08/14 21:54:59 GET /assets/cycling-agent-icon.jpg 1ms
2026/08/14 21:54:59 GET /assets/lucide.min.js 1ms
2026/08/14 21:54:59 GET /assets/app.js 1ms
2026/08/14 21:54:59 GET /assets/red_logo.png 0s
2026/08/14 21:54:59 GET /api/v1/auth/status 0s
2026/08/14 21:54:59 GET /assets/cycling-agent-icon.jpg 1ms
2026/08/14 21:55:09 POST /api/v1/auth/login 123ms
2026/08/14 21:55:09 GET /api/v1/settings/model 5ms
2026/08/14 21:55:09 GET /api/v1/agent-token-usage 6ms
2026/08/14 21:55:09 GET /api/v1/bootstrap 25ms
2026/08/14 21:55:21 GET /api/v1/openclaw/agents 5ms
2026/08/14 21:55:29 GET /api/v1/assistant/history 38ms
2026/08/14 21:55:42 GET /api/v1/auth/status 0s
2026/08/14 21:55:42 POST /api/v1/auth/login 102ms
2026/08/14 21:55:42 GET /api/v1/settings/model 5ms
2026/08/14 21:55:42 GET /api/v1/openclaw/channels 1ms
2026/08/14 21:58:57 GET /api/v1/settings/model 0s
2026/08/14 22:02:24 POST /api/v1/auth/login 94ms
2026/08/14 22:02:43 GET /api/v1/settings/model 5ms
2026/08/14 22:02:43 GET /api/v1/openclaw/channels 1ms
2026/08/14 22:04:42 PATCH /api/v1/settings/model 30ms
2026/08/14 22:05:02 PATCH /api/v1/settings/model 33ms
2026/08/14 22:05:02 PATCH /api/v1/settings/model 0s
2026/08/14 22:05:02 PATCH /api/v1/settings/model 27ms
2026/08/14 22:09:42 STA-100 web service listening on 127.0.0.1:18080
2026/08/14 22:09:42 OpenClaw CLI: /home/User/gsx/gitdir/std/openclaw/bin/openclaw
2026/08/14 22:09:42 STA-100 database: /home/User/.local/share/sta100/sta100.db
2026/08/14 22:10:25 GET /api/v1/openclaw/channels 0s
2026/08/14 22:10:25 POST /api/v1/auth/login 88ms
2026/08/14 22:10:25 GET /api/v1/settings/model 5ms
2026/08/14 22:11:05 PATCH /api/v1/settings/model 25ms
2026/08/14 22:12:45 GET /api/v1/openclaw/channels 36.426s
2026/08/14 22:16:15 STA-100 web service listening on 127.0.0.1:18080
2026/08/14 22:16:15 OpenClaw CLI: /home/User/gsx/gitdir/std/openclaw/bin/openclaw
2026/08/14 22:16:15 STA-100 database: /home/User/.local/share/sta100/sta100.db
2026/08/14 22:16:36 POST /api/v1/auth/login 87ms
2026/08/14 22:16:36 GET /api/v1/openclaw/channels 1ms
2026/08/14 22:16:36 GET /api/v1/settings/model 4ms
2026/08/15 14:34:30 STA-100 web service listening on 127.0.0.1:18080
2026/08/15 14:34:30 OpenClaw CLI: /home/User/gsx/gitdir/std/openclaw/bin/openclaw
2026/08/15 14:34:30 STA-100 database: /home/User/.local/share/sta100/sta100.db
2026/08/15 14:36:25 GET /api/v1/auth/status 0s
2026/08/15 14:36:26 POST /api/v1/auth/login 105ms
2026/08/15 14:36:26 GET /api/v1/settings/model 8ms
2026/08/15 14:36:26 GET /api/v1/openclaw/channels 2ms
2026/08/15 14:36:26 GET /api/v1/jobs 6ms
2026/08/15 14:36:26 GET /api/v1/settings/preferences 1ms
2026/08/15 14:36:26 GET /api/v1/system/upgrade/history 0s
2026/08/15 14:36:26 GET /api/v1/openclaw/agents 4ms
2026/08/15 14:36:38 GET /api/v1/system/health 12.313s
2026/08/15 14:36:38 POST /api/v1/settings/model/test 0s
2026/08/15 14:36:38 POST /api/v1/system/upgrade/import 0s
2026/08/15 14:36:38 POST /api/v1/jobs 0s
2026/08/15 14:37:20 GET /api/v1/settings/model 4ms
2026/08/15 14:37:20 GET /api/v1/openclaw/channels 0s
2026/08/15 14:37:31 GET /api/v1/openclaw/status 11.495s
2026/08/15 14:37:55 GET /api/v1/openclaw/channels/feishu/status 34.587s
2026/08/15 14:39:07 GET /api/v1/settings/model 3ms
2026/08/15 14:39:07 GET /api/v1/openclaw/channels 1ms
2026/08/15 14:39:17 GET /api/v1/openclaw/status 10.025s
2026/08/15 14:39:35 GET /api/v1/openclaw/channels/feishu/status 27.928s
2026/08/15 14:41:13 GET /api/v1/openclaw/plugins 3ms
2026/08/15 14:41:13 GET /api/v1/plugins 1ms
2026/08/15 14:41:13 GET /api/v1/auth/status 0s
2026/08/15 14:41:13 POST /api/v1/auth/verify-master 0s
2026/08/15 14:41:42 GET /api/v1/openclaw/agents 3ms
2026/08/15 18:02:48 GET /assets/red_logo.png 5ms
2026/08/15 18:02:48 GET /assets/cycling-agent-icon.jpg 32ms
2026/08/15 18:02:48 GET /assets/app.js 9ms
2026/08/15 18:02:48 GET /assets/lucide.min.js 11ms
2026/08/15 18:02:48 GET /assets/styles.css 40ms
2026/08/15 18:02:48 GET /api/v1/auth/status 0s
2026/08/15 18:03:15 POST /api/v1/auth/login 111ms
2026/08/15 18:03:15 GET /api/v1/settings/model 3ms
2026/08/15 18:03:15 GET /api/v1/agent-token-usage 9ms
2026/08/15 18:03:15 GET /api/v1/bootstrap 28ms
2026/08/15 18:03:39 POST /api/v1/settings/model/test 1.501s
2026/08/15 18:03:39 GET /api/v1/settings/model 4ms
2026/08/15 18:04:06 GET /api/v1/openclaw/channels 1ms
2026/08/15 18:05:26 GET /api/v1/openclaw/channels/feishu/status 28.563s
2026/08/15 18:05:39 POST /api/v1/openclaw/channels/feishu/login 31.011s
2026/08/15 18:05:56 POST /api/v1/openclaw/channels/feishu/login 32.902s
2026/08/15 18:06:05 POST /api/v1/openclaw/channels/feishu/login 32.45s
2026/08/15 18:09:27 GET /api/v1/openclaw/channels/feishu/status 32.749s
2026/08/15 18:12:08 POST /api/v1/settings/model/test 369ms
2026/08/15 18:12:08 GET /api/v1/settings/model 5ms
2026/08/15 18:12:33 POST /api/v1/settings/model/test 507ms
2026/08/15 18:12:33 GET /api/v1/settings/model 4ms
2026/08/15 18:12:41 PATCH /api/v1/settings/model 404ms
2026/08/15 18:12:41 GET /api/v1/settings/model 3ms
2026/08/15 18:12:59 POST /api/v1/settings/model/test 924ms
2026/08/15 18:13:00 GET /api/v1/settings/model 4ms
2026/08/15 18:13:03 PATCH /api/v1/settings/model 17ms
2026/08/15 18:13:03 GET /api/v1/settings/model 3ms
2026/08/15 18:17:49 PATCH /api/v1/settings/model 9ms
2026/08/15 18:17:49 GET /api/v1/settings/model 4ms
2026/08/15 18:19:46 GET /api/v1/openclaw/agents 9ms
2026/08/15 18:19:53 GET /api/v1/assistant/history 48ms
2026/08/15 18:20:19 GET /api/v1/assistant/history 12ms
2026/08/15 18:22:49 POST /api/v1/assistant/query 2m13.89s
2026/08/15 18:37:49 STA-100 web service listening on 127.0.0.1:18080
2026/08/15 18:37:49 OpenClaw CLI: /home/User/gsx/gitdir/std/openclaw/bin/openclaw
2026/08/15 18:37:49 STA-100 database: /home/User/.local/share/sta100/sta100.db
2026/08/15 18:38:04 GET /api/v1/auth/status 0s
2026/08/15 18:38:04 POST /api/v1/auth/login 100ms
2026/08/15 18:38:30 GET /api/v1/openclaw/channels 26.117s
2026/08/15 18:39:13 GET /api/v1/openclaw/channels/feishu/status 27.752s
2026/08/15 18:41:00 STA-100 web service listening on 127.0.0.1:18080
2026/08/15 18:41:00 OpenClaw CLI: /home/User/gsx/gitdir/std/openclaw/bin/openclaw
2026/08/15 18:41:00 STA-100 database: /home/User/.local/share/sta100/sta100.db
2026/08/15 18:41:01 GET /api/v1/openclaw/channels 0s
2026/08/15 18:41:12 GET /api/v1/openclaw/channels 0s
2026/08/15 18:41:12 POST /api/v1/auth/login 94ms
2026/08/15 18:41:12 GET /api/v1/openclaw/channels 3ms
2026/08/15 18:41:23 POST /api/v1/openclaw/channels/feishu/qr/start 0s
2026/08/15 18:41:34 POST /api/v1/openclaw/channels/feishu/qr/start 0s
2026/08/15 18:41:53 POST /api/v1/openclaw/channels/feishu/qr/start 477ms
2026/08/15 18:42:05 GET /api/v1/openclaw/channels/feishu/qr/48cc2b0d8a29c7487224d861671480be/status 93ms
2026/08/15 18:43:03 STA-100 web service listening on 127.0.0.1:18080
2026/08/15 18:43:03 OpenClaw CLI: /home/User/gsx/gitdir/std/openclaw/bin/openclaw
2026/08/15 18:43:03 STA-100 database: /home/User/.local/share/sta100/sta100.db
2026/08/15 18:43:16 POST /api/v1/auth/login 106ms
2026/08/15 18:43:16 POST /api/v1/openclaw/channels/feishu/qr/start 383ms
2026/08/15 18:43:26 GET /api/v1/openclaw/channels/feishu/qr/8b54c835035a00fe21c577ce51e5db61/status 96ms
2026/08/15 18:44:21 STA-100 web service listening on 127.0.0.1:18080
2026/08/15 18:44:21 OpenClaw CLI: /home/User/gsx/gitdir/std/openclaw/bin/openclaw
2026/08/15 18:44:21 STA-100 database: /home/User/.local/share/sta100/sta100.db
2026/08/15 18:44:34 POST /api/v1/auth/login 102ms
2026/08/15 18:44:34 POST /api/v1/openclaw/channels/feishu/qr/start 369ms
2026/08/15 18:44:34 GET /api/v1/openclaw/channels/feishu/qr/19cddc666525df852cc46338046ff5ee/status 93ms
2026/08/15 18:47:07 STA-100 web service listening on 127.0.0.1:18080
2026/08/15 18:47:07 OpenClaw CLI: /home/User/gsx/gitdir/std/openclaw/bin/openclaw
2026/08/15 18:47:07 STA-100 database: /home/User/.local/share/sta100/sta100.db
2026/08/15 18:47:08 GET /api/health 0s
2026/08/15 18:47:08 POST /api/v1/auth/login 109ms
2026/08/15 18:47:08 GET /api/v1/openclaw/channels 3ms
2026/08/15 19:05:23 POST /api/v1/auth/login 104ms
2026/08/15 19:07:27 POST /api/v1/assistant/query 2m4.009s
2026/08/15 19:13:56 GET /api/v1/openclaw/models 0s
2026/08/15 19:18:14 STA-100 web service listening on 127.0.0.1:18080
2026/08/15 19:18:14 OpenClaw CLI: /home/User/gsx/gitdir/std/openclaw/bin/openclaw
2026/08/15 19:18:14 STA-100 database: /home/User/.local/share/sta100/sta100.db
2026/08/15 19:18:26 GET /api/v1/auth/status 0s
2026/08/15 19:18:37 POST /api/v1/auth/login 96ms
2026/08/15 19:18:49 GET /api/v1/openclaw/models 12.478s
2026/08/15 19:19:00 POST /api/v1/assistant/query 0s
2026/08/15 19:21:10 POST /api/v1/assistant/query 1m47.924s
2026/08/15 19:21:36 GET /api/v1/openclaw/models 12.22s
2026/08/15 19:22:29 GET /api/v1/settings/model 4ms
2026/08/15 19:22:43 GET /api/health 0s
2026/08/15 21:20:17 GET / 17ms
2026/08/15 21:20:17 GET /assets/styles.css 1ms
2026/08/15 21:20:17 GET /assets/cycling-agent-icon.jpg 1ms
2026/08/15 21:20:17 GET /assets/lucide.min.js 1ms
2026/08/15 21:20:17 GET /assets/red_logo.png 0s
2026/08/15 21:20:17 GET /assets/app.js 1ms
2026/08/15 21:20:18 GET /api/v1/auth/status 0s
2026/08/15 21:20:18 GET /assets/cycling-agent-icon.jpg 1ms
2026/08/15 21:20:36 POST /api/v1/auth/login 113ms
2026/08/15 21:20:36 GET /api/v1/openclaw/agents 2ms
2026/08/15 21:20:36 GET /api/v1/settings/model 3ms
2026/08/15 21:20:36 GET /api/v1/agent-token-usage 5ms
2026/08/15 21:20:36 GET /api/v1/bootstrap 17ms
2026/08/15 21:20:51 GET /api/v1/assistant/history 14ms
2026/08/15 21:21:47 GET /api/v1/assistant/history 10ms
2026/08/15 21:23:05 PATCH /api/v1/settings/model 13ms
2026/08/15 21:23:05 GET /api/v1/settings/model 3ms
2026/08/15 21:23:15 GET /api/v1/openclaw/channels 3ms
2026/08/15 21:23:53 GET /api/v1/openclaw/channels/feishu/status 25.585s
2026/08/15 21:24:02 POST /api/v1/openclaw/channels/feishu/qr/start 552ms
2026/08/15 21:24:04 POST /api/v1/openclaw/channels/feishu/qr/start 453ms
2026/08/15 21:24:09 GET /api/v1/openclaw/channels/feishu/qr/606340e9c9951bd0aad10b89b293a857/status 119ms
2026/08/15 21:24:14 GET /api/v1/openclaw/channels/feishu/qr/606340e9c9951bd0aad10b89b293a857/status 173ms
2026/08/15 21:24:19 GET /api/v1/openclaw/channels/feishu/qr/606340e9c9951bd0aad10b89b293a857/status 93ms
2026/08/15 21:24:25 GET /api/v1/openclaw/channels/feishu/qr/606340e9c9951bd0aad10b89b293a857/status 424ms
2026/08/15 21:24:30 GET /api/v1/openclaw/channels/feishu/qr/606340e9c9951bd0aad10b89b293a857/status 113ms
2026/08/15 21:24:35 GET /api/v1/openclaw/channels/feishu/qr/606340e9c9951bd0aad10b89b293a857/status 155ms
2026/08/15 21:24:41 GET /api/v1/openclaw/channels/feishu/qr/606340e9c9951bd0aad10b89b293a857/status 126ms
2026/08/15 21:24:46 GET /api/v1/openclaw/channels/feishu/qr/606340e9c9951bd0aad10b89b293a857/status 184ms
2026/08/15 21:24:48 GET /api/v1/openclaw/channels/feishu/status 23.727s
2026/08/15 21:24:51 GET /api/v1/openclaw/channels/feishu/qr/606340e9c9951bd0aad10b89b293a857/status 171ms
2026/08/15 21:24:56 GET /api/v1/openclaw/channels/feishu/qr/606340e9c9951bd0aad10b89b293a857/status 105ms
2026/08/15 21:25:02 GET /api/v1/openclaw/channels/feishu/qr/606340e9c9951bd0aad10b89b293a857/status 104ms
2026/08/15 21:25:07 GET /api/v1/openclaw/channels/feishu/qr/606340e9c9951bd0aad10b89b293a857/status 135ms
2026/08/15 21:25:12 GET /api/v1/openclaw/channels/feishu/qr/606340e9c9951bd0aad10b89b293a857/status 104ms
2026/08/15 21:25:17 GET /api/v1/openclaw/channels/feishu/qr/606340e9c9951bd0aad10b89b293a857/status 112ms
2026/08/15 21:25:23 GET /api/v1/openclaw/channels/feishu/qr/606340e9c9951bd0aad10b89b293a857/status 162ms
2026/08/15 21:25:28 GET /api/v1/openclaw/channels/feishu/qr/606340e9c9951bd0aad10b89b293a857/status 112ms
2026/08/15 21:25:33 GET /api/v1/openclaw/channels/feishu/qr/606340e9c9951bd0aad10b89b293a857/status 110ms
2026/08/15 21:25:38 GET /api/v1/openclaw/channels/feishu/qr/606340e9c9951bd0aad10b89b293a857/status 190ms
2026/08/15 21:25:43 GET /api/v1/openclaw/channels/feishu/qr/606340e9c9951bd0aad10b89b293a857/status 118ms
2026/08/15 21:25:49 GET /api/v1/openclaw/channels/feishu/qr/606340e9c9951bd0aad10b89b293a857/status 112ms
2026/08/15 21:25:54 GET /api/v1/openclaw/channels/feishu/qr/606340e9c9951bd0aad10b89b293a857/status 125ms
2026/08/15 21:25:59 GET /api/v1/openclaw/channels/feishu/qr/606340e9c9951bd0aad10b89b293a857/status 91ms
2026/08/15 21:26:04 GET /api/v1/openclaw/channels/feishu/qr/606340e9c9951bd0aad10b89b293a857/status 175ms
2026/08/15 21:26:10 GET /api/v1/openclaw/channels/feishu/qr/606340e9c9951bd0aad10b89b293a857/status 203ms
2026/08/15 21:26:15 GET /api/v1/openclaw/channels/feishu/qr/606340e9c9951bd0aad10b89b293a857/status 167ms
2026/08/15 21:26:20 GET /api/v1/openclaw/channels/feishu/qr/606340e9c9951bd0aad10b89b293a857/status 201ms
2026/08/15 21:26:25 GET /api/v1/openclaw/channels/feishu/qr/606340e9c9951bd0aad10b89b293a857/status 221ms
2026/08/15 21:26:31 GET /api/v1/openclaw/channels/feishu/qr/606340e9c9951bd0aad10b89b293a857/status 191ms
2026/08/15 21:26:36 GET /api/v1/openclaw/channels/feishu/qr/606340e9c9951bd0aad10b89b293a857/status 182ms
2026/08/15 21:27:40 GET /api/v1/openclaw/channels/feishu/qr/606340e9c9951bd0aad10b89b293a857/status 58.918s
2026/08/15 21:32:36 GET /api/v1/openclaw/channels/feishu/status 27.064s
2026/08/15 21:33:55 GET /api/v1/openclaw/channels/clickclack/status 28.93s
2026/08/15 21:34:17 GET /api/v1/openclaw/channels/clickclack/status 29.354s
2026/08/15 21:35:25 GET /api/v1/openclaw/channels/feishu/status 24.294s
2026/08/15 21:35:49 GET /api/v1/openclaw/channels/feishu/status 24.077s
2026/08/15 21:36:50 GET /api/v1/openclaw/channels/feishu/status 24.429s
2026/08/15 21:40:21 POST /api/v1/openclaw/channels/feishu/qr/start 394ms
2026/08/15 21:40:26 GET /api/v1/openclaw/channels/feishu/qr/e3930a91673036b801faca8885708b49/status 161ms
2026/08/15 21:40:31 GET /api/v1/openclaw/channels/feishu/qr/e3930a91673036b801faca8885708b49/status 90ms
2026/08/15 21:40:37 GET /api/v1/openclaw/channels/feishu/qr/e3930a91673036b801faca8885708b49/status 135ms
2026/08/15 21:40:42 GET /api/v1/openclaw/channels/feishu/qr/e3930a91673036b801faca8885708b49/status 149ms
2026/08/15 21:40:47 GET /api/v1/openclaw/channels/feishu/qr/e3930a91673036b801faca8885708b49/status 123ms
2026/08/15 21:40:52 GET /api/v1/openclaw/channels/feishu/qr/e3930a91673036b801faca8885708b49/status 123ms
2026/08/15 21:40:57 GET /api/v1/openclaw/channels/feishu/qr/e3930a91673036b801faca8885708b49/status 102ms
2026/08/15 21:42:13 GET /api/v1/openclaw/channels/feishu/qr/e3930a91673036b801faca8885708b49/status 1m10.211s
